MSBuild version 17.8.3+195e7f5a3 for .NET
MSBUILD : error MSB1003: Specify a project or solution file. The current working directory does not contain a project or solution file.
